[www.toptal.com/resume/eduardo-agustin-rapetti.html]
[backblue.gif]
[fade.gif]
[index.html]
[uploads.toptal.io/user/photo/359/large_eduardo_agustin_rapetti.jpg]
[assets.toptal.io/assets/front/static/favicons/favicon_ca7136.png]
[assets.toptal.io/assets/front/static/favicons/touch_x57_f72647.png]
[assets.toptal.io/assets/front/static/favicons/touch_x72_516451.png]
[assets.toptal.io/assets/front/static/favicons/touch_x114_1798a8.png]
[assets.toptal.io/assets/jquery_and_modernizr-13a4e14b6617e4a1110b.js]
[appinfo.toptal.com/script.js]
[assets.toptal.io/assets/front/static/public/primitives/social/share_bar/twitter_83c6d4.png]
[assets.toptal.io/assets/resumes_styles-754998982f3b03d6c9a0a3fbf9c9b52d.css]
[assets.toptal.io/assets/front/static/public/primitives/social/share_bar/facebook_dc66c9.png]
[assets.toptal.io/assets/front/static/public/primitives/social/share_bar/linkedin_b923c3.png]
[assets.toptal.io/assets/front/static/public/primitives/social/share_bar/google_plus_355fb0.png]
[assets.adstage.io/analytics.js]
[www.toptal.com/resume/eduardo-agustin-rapetti.html]
[assets.toptal.io/assets/resumes_styles-754998982f3b03d6c9a0a3fbf9c9b52d.css]
[assets.toptal.io/assets/resumes-6e6f9b4a5464b7b631ea.js]
